// Jest Snapshot v1, https://goo.gl/fbAQLP

exports[`<Card /> Renders UI as expected 1`] = `
<div
  className="Card"
>
  <button
    type="button"
  >
    delete
  </button>
  <h3>
    This is a card
  </h3>
  <p>
    this is the content of the card
  </p>
</div>
`;
